[[ 1.08497185e-04  2.02337469e-05 -1.50240076e-02]
 [ 7.51178415e-05  3.61746778e-05  8.50302586e-03]
 [ 1.22193314e-02  5.03494900e-03  6.58617134e-01]]