[[ 0.64221965 -0.67802602 -0.21784264]
 [ 0.70391938  0.62969087  0.29736192]
 [-0.29569751  0.10978619  0.02126027]]