[[ 1.33718765e-04 -2.63493941e-04 -8.43068043e-03]
 [ 2.23873616e-04 -4.91444364e-06 -4.94955881e-03]
 [ 1.20444523e-02  1.20023023e-02 -8.56429189e-03]]