[[ 0.05988185 -0.33262737  0.21758211]
 [-0.03880125 -0.48175459  0.7971473 ]
 [ 0.39368498 -0.74441758 -0.51014603]]