[[ 4.62545164e-05 -3.13617811e-05  4.92331096e-03]
 [ 2.28045091e-04 -2.66551777e-04  2.26219290e-02]
 [-2.76213777e-04 -2.45150708e-02 -3.93783568e-01]]