[[ 1.34294874e-09 -7.10096348e-09  1.11583101e-05]
 [ 1.29278366e-09 -2.90774467e-09  1.94224474e-05]
 [ 2.55390085e-07 -2.06498664e-05 -4.05305426e-02]]