[[-1.68505305e-13  1.81151687e-13 -6.80242819e-09]
 [-1.83841900e-13 -1.60142838e-13  1.07150109e-08]
 [-9.29119835e-09  2.65140768e-09 -3.14886083e-06]]