[[-2.19405136e-03 -1.67798070e-03 -3.22148321e-01]
 [-2.67814875e-04  2.90401432e-03  4.39993816e-01]
 [ 5.73931194e-01 -1.22957931e-01 -2.36274220e+00]]