[[ 0.59157241 -0.13050931 -0.63691986]
 [ 0.41044193  0.04822255  0.75379398]
 [ 0.68748192 -0.05255308  0.11382413]]