[[-0.00994129  0.01423547  0.11308562]
 [-0.00904333  0.00222496  0.04675988]
 [-0.12628407 -0.10306028 -0.048795  ]]