[[ 0.01235875 -0.08239309  0.40739659]
 [-0.01090425 -0.11837675  1.37889114]
 [ 0.66373552 -1.31007117 -6.45924754]]