[[ 3.91179613e-08 -3.61709166e-08 -1.68177564e-05]
 [ 3.95201886e-08  2.96932759e-08  2.55085709e-05]
 [-4.22826602e-06  1.81453872e-06  4.73497295e-04]]