[[ 7.71818864e-09 -1.29178097e-09 -9.37764860e-06]
 [ 1.90750284e-09 -1.13360459e-08  2.65352115e-05]
 [ 2.47347476e-05 -1.34588959e-05 -5.64631827e-03]]