[[-2.43730799e-08  5.81236711e-08  8.97732475e-05]
 [-5.74489171e-08 -1.12424073e-07 -3.83191470e-04]
 [-5.96825251e-04  3.02038369e-04 -4.75484434e-01]]