[[-1.37877171e-08  1.55564152e-08  8.69283586e-06]
 [-1.67440649e-08 -1.86732806e-08 -8.00408728e-07]
 [ 2.96268168e-05 -1.55474989e-05 -1.32733815e-02]]