[[ 0.00182282 -0.00156997  0.04976821]
 [ 0.0022394  -0.00290249  0.06775814]
 [-0.03740051 -0.0852668  -0.22290258]]