[[ 0.26493455  0.1452401  -0.46510621]
 [ 0.03095567 -0.39180515  0.77648227]
 [ 0.92446758 -0.2829081  -0.01787971]]